[2026-02-04 16:05:32.793] Frame 0: person
[2026-02-04 16:05:33.554] Frame 100: person
[2026-02-04 16:05:34.818] Frame 200: person
[2026-02-04 16:05:35.751] Frame 300: person
[2026-02-04 16:05:36.686] Frame 400: person
[2026-02-04 16:05:37.515] Frame 500: person
[2026-02-04 16:06:42.472] Frame 0: person
[2026-02-04 16:06:43.094] Frame 100: person
[2026-02-04 16:06:43.987] Frame 200: person
[2026-02-04 16:06:44.923] Frame 300: person
[2026-02-04 16:06:45.949] Frame 400: person
[2026-02-04 16:06:46.517] Frame 500: person
[2026-02-04 16:06:46.929] Frame 600: person
[2026-02-04 16:06:47.332] Frame 700: person
[2026-02-04 16:06:47.783] Frame 800: person
[2026-02-04 16:07:36.226] Frame 0: person, cell phone
[2026-02-04 16:07:37.120] Frame 100: person, cell phone
[2026-02-04 16:07:37.925] Frame 200: person, cell phone
[2026-02-04 16:07:38.760] Frame 300: person, cell phone
[2026-02-04 16:07:39.254] Frame 400: person
[2026-02-04 16:07:39.615] Frame 500: person
[2026-02-04 16:07:40.014] Frame 600: person
[2026-02-04 16:07:40.424] Frame 700: person
[2026-02-04 16:07:40.804] Frame 800: person
[2026-02-04 16:07:41.215] Frame 900: person, cell phone
[2026-02-04 16:07:41.585] Frame 1000: person
[2026-02-04 16:07:41.943] Frame 1100: person
[2026-02-04 16:07:42.291] Frame 1200: person
[2026-02-04 16:12:35.592] Frame 0: person
[2026-02-04 16:12:36.315] Frame 100: person, cell phone
[2026-02-04 16:12:37.469] Frame 200: person, cell phone
[2026-02-04 16:12:38.718] Frame 300: person, remote, cell phone
[2026-02-04 16:38:12.565] Frame 0: person
[2026-02-04 16:38:13.208] Frame 100: person
[2026-02-04 16:38:14.158] Frame 200: person
[2026-02-04 16:38:15.145] Frame 300: person
[2026-02-04 16:38:15.988] Frame 400: person
[2026-02-04 16:38:17.097] Frame 500: person
[2026-02-04 16:38:51.665] Frame 0: cell phone, person
[2026-02-04 16:38:52.503] Frame 100: cell phone, person
[2026-02-04 16:38:53.704] Frame 200: cell phone, person
[2026-02-04 16:38:54.750] Frame 300: person
[2026-02-04 16:38:55.254] Frame 400: person
[2026-02-04 16:38:55.709] Frame 500: person, laptop
[2026-02-04 16:39:34.452] Frame 0: cell phone, person
[2026-02-04 16:39:35.499] Frame 100: cell phone, person
[2026-02-04 16:39:36.620] Frame 200: cell phone, person
[2026-02-04 16:39:37.160] Frame 300: cell phone, person
[2026-02-04 16:39:37.689] Frame 400: cell phone, person
[2026-02-04 16:39:38.102] Frame 500: cell phone, person
[2026-02-04 16:39:38.643] Frame 600: cell phone, person
[2026-02-04 16:39:39.247] Frame 700: cell phone, person
[2026-02-04 16:39:39.918] Frame 800: person, cell phone
[2026-02-04 16:39:40.366] Frame 900: person, cell phone
[2026-02-04 16:39:40.788] Frame 1000: person, cell phone
[2026-02-04 16:39:41.264] Frame 1100: cell phone, person
[2026-02-04 16:39:41.738] Frame 1200: person, cell phone
[2026-02-04 16:39:42.323] Frame 1300: cell phone, person
[2026-02-04 16:39:42.781] Frame 1400: cell phone, person
[2026-02-04 16:39:43.503] Frame 1500: cell phone, person
[2026-02-04 16:39:43.943] Frame 1600: person, cell phone
[2026-02-04 16:39:44.424] Frame 1700: cell phone, person
[2026-02-04 16:39:44.988] Frame 1800: cell phone, person
[2026-02-04 16:39:45.661] Frame 1900: cell phone, person
[2026-02-04 16:39:46.302] Frame 2000: person, cell phone
[2026-02-04 16:39:46.714] Frame 2100: cell phone, person
[2026-02-04 16:39:47.097] Frame 2200: cell phone, person
[2026-02-04 16:39:47.632] Frame 2300: cell phone, person
[2026-02-04 16:39:48.209] Frame 2400: cell phone, person
[2026-02-04 16:39:48.787] Frame 2500: cell phone, person
[2026-02-04 16:40:16.165] Frame 0: cell phone
[2026-02-04 16:40:17.191] Frame 100: cell phone
[2026-02-04 16:40:18.502] Frame 200: person
[2026-02-04 16:40:19.647] Frame 300: person
[2026-02-04 16:40:20.572] Frame 400: person
[2026-02-04 16:53:57.643] Frame 0: person
[2026-02-04 16:53:58.450] Frame 100: person
[2026-02-04 16:53:59.393] Frame 200: person
[2026-02-04 16:54:00.154] Frame 300: person
[2026-02-04 16:54:01.394] Frame 400: person
